[2026-08-05 09:18:55.307] [INFO   ] [JuggManagerCreator] Start Init Jugg by embedded on /Users/radar/Downloads/gitlab127001/bayshier
[2026-08-05 09:18:55.312] [FINE   ] [JuggServer] init finished, version: 3.0.35-release, projectId: bayshier, userName: Easin, requestToken: a9d90c78, serverUrl: http://sickworm.com:12305
[2026-08-05 09:18:55.312] [FINE   ] [JuggServerChooser] isForce=true, update server.
[2026-08-05 09:18:55.313] [FINE   ] [JuggServerChooser] Update server rules: [ServerRule(url=http://wormchen-any1.devcloud.woa.com:12305, checkReachableHost=wormchen-any1.devcloud.woa.com), ServerRule(url=http://sickworm.com:12305, checkReachableHost=null)]
[2026-08-05 09:18:55.313] [FINE   ] [JuggServerChooser] Check server rule: ServerRule(url=http://wormchen-any1.devcloud.woa.com:12305, checkReachableHost=wormchen-any1.devcloud.woa.com)
[2026-08-05 09:18:55.313] [INFO   ] [ConstRefEngine] ConstRefEngine io throttle enabled, fullScan=3000ms/50files, fileChange=500ms/200files, preCompile=0ms/1files, onDemand=0ms/1files
[2026-08-05 09:18:55.315] [FINE   ] [McpLocalServer] start: Server is already running
[2026-08-05 09:18:55.315] [FINE   ] [JuggManager] job <Init Jugg> waiting for TaskRunnerManager lock, thread=ApplicationImpl pooled thread 2
[2026-08-05 09:18:55.315] [FINE   ] [JuggManager] job <Init Jugg> acquired TaskRunnerManager lock, waitCost=0ms
[2026-08-05 09:18:55.315] [FINE   ] [JuggManager] job <Init Jugg> start
[2026-08-05 09:18:55.315] [FINE   ] [AsDeployerCompat] IDE version: IdeVersion(name=Android Studio Quail 3 | 2026.1.3, type=AI, mainVersion=261.26222.65, fullVersion=261.26222.65.2613.15948027)
[2026-08-05 09:18:55.315] [WARNING] [AsDeployerCompat] Bad! IDE version higher than IdeVersion(name=Android Studio Quail, type=AI, mainVersion=261.23567.138, fullVersion=261.23567.138), use this for compat, good luck.
[2026-08-05 09:18:55.316] [FINE   ] [CustomConfigManager] Custom config changed from null to 0_1784859917139, reload it.
[2026-08-05 09:18:55.317] [FINE   ] [CustomConfigManager] Load default custom config: ProjectCustomConfig(servers=null, buildFileList=[], buildFileRules=[], dontFilterIgnoredFileRules=[], moduleCustomConfigs=[], customCompilers=null, embeddedApksSearchRules=null)
[2026-08-05 09:18:55.318] [FINE   ] [FileChangesHandler] updateBuildFileRules: [], doNotIgnoreModulePaths: []
[2026-08-05 09:18:55.318] [FINE   ] [CustomCompilerManager] updateCustomCompilers null
[2026-08-05 09:18:55.318] [FINE   ] [CustomCompilerManager] updateCustomCompilers with null config, exit.
[2026-08-05 09:18:55.318] [FINE   ] [JuggManager] JuggConfigurationType currentList: []
[2026-08-05 09:18:55.318] [FINE   ] [JuggManager] Suggest run configurations: []
[2026-08-05 09:18:55.318] [FINE   ] [JuggManager] No suggest run configuration
[2026-08-05 09:18:55.318] [FINE   ] [ProjectInfoReader] IDE version: IdeVersion(name=Android Studio Quail 3 | 2026.1.3, type=AI, mainVersion=261.26222.65, fullVersion=261.26222.65.2613.15948027)
[2026-08-05 09:18:55.318] [FINE   ] [ProjectInfoReader] plugin info: Version: 3.0.35-release, Compile-Date: 2026-07-23 19:24:21, Compile-Timestamp: 1784805861931, 
[2026-08-05 09:18:55.318] [FINE   ] [ProjectInfoReader] os.name: Mac OS X, os.version: 26.5.2
[2026-08-05 09:18:55.318] [FINE   ] [ProjectInfoReader] Idea JVM version: [25, 0, 2]
[2026-08-05 09:18:55.318] [FINE   ] [JuggServerChooser] Update server rules: [ServerRule(url=http://wormchen-any1.devcloud.woa.com:12305, checkReachableHost=wormchen-any1.devcloud.woa.com), ServerRule(url=http://sickworm.com:12305, checkReachableHost=null)]
[2026-08-05 09:18:55.318] [FINE   ] [JuggServerChooser] Check server rule: ServerRule(url=http://wormchen-any1.devcloud.woa.com:12305, checkReachableHost=wormchen-any1.devcloud.woa.com)
[2026-08-05 09:18:55.318] [FINE   ] [ProjectInfoReader] gradleDistributionUrl: [file not found]
[2026-08-05 09:18:55.319] [FINE   ] [ProjectInfoReader] systemPath: /Users/radar/Library/Caches/Google/AndroidStudio2026.1.3
[2026-08-05 09:18:55.319] [FINE   ] [ProjectInfoReader] device MIN API: 26
[2026-08-05 09:18:55.319] [FINE   ] [ProjectInfoReader] printProjectInfo cost: 1 ms
[2026-08-05 09:18:55.319] [FINE   ] [DeployHistoryManager] checkProjectDirChanged, historyProjectDir: /Users/radar/Downloads/gitlab127001/bayshier, realProjectDir: /Users/radar/Downloads/gitlab127001/bayshier
[2026-08-05 09:18:55.319] [FINE   ] [DeployHistoryManager] Project dir is not changed, continue to recover from deploy history later
[2026-08-05 09:18:55.319] [INFO   ] [JuggManager] Start jugg finished.
[2026-08-05 09:18:55.319] [FINE   ] [JuggManager] Checking updates...
[2026-08-05 09:18:55.319] [FINE   ] [JuggManager] job <Init Jugg> finished, cost 4ms
[2026-08-05 09:18:55.319] [FINE   ] [JuggManager] JuggDeploymentService.preInit, cost 0ms
[2026-08-05 09:18:55.442] [FINE   ] [JuggServer] check update response: [200] {"latestVersion":"3.2.2-release","isNeedUpgrade":false,"downloadUrl":"https://jugg.sickworm.com/download_page","templateList":[],"notification":null,"customConfigJson":{"servers":null,"buildFileList":[],"buildFileRules":[],"dontFilterIgnoredFileRules":[],"moduleCustomConfigs":[],"customCompilers":null}}
[2026-08-05 09:18:55.443] [FINE   ] [CheckUpdateHandler] Check update result: VersionData(latestVersion=3.2.2-release, isNeedUpgrade=false, downloadUrl=https://jugg.sickworm.com/download_page, templateList=[], notification=null, customConfigJson=ProjectCustomConfig(servers=null, buildFileList=[], buildFileRules=[], dontFilterIgnoredFileRules=[], moduleCustomConfigs=[], customCompilers=null, embeddedApksSearchRules=null))
[2026-08-05 09:18:55.447] [FINE   ] [CustomConfigManager] No need to update default custom config.
[2026-08-05 09:18:55.448] [FINE   ] [JuggHotUpdateDownloader] notifyHotUpdateIfNeeded false
[2026-08-05 09:18:55.448] [FINE   ] [JuggHotUpdateDownloader] notifyInstallUpdateIfNeeded false
[2026-08-05 09:18:55.467] [FINE   ] [JuggServer] report Init Jugg response: [200] 2366178
[2026-08-05 09:18:55.469] [FINE   ] [JuggManager] job <Init project info> waiting for TaskRunnerManager lock, thread=ApplicationImpl pooled thread 9
[2026-08-05 09:18:55.469] [FINE   ] [JuggManager] job <Init project info> acquired TaskRunnerManager lock, waitCost=1ms
[2026-08-05 09:18:55.469] [FINE   ] [JuggManager] job <Init project info> start
[2026-08-05 09:18:55.469] [FINE   ] [JuggManager] Start recover deploy context
[2026-08-05 09:18:55.476] [FINE   ] [DeployHistoryManager] tryGetContextRecoverInfoFromDb recover feature is available
[2026-08-05 09:18:55.476] [FINE   ] [DeployHistoryManager] getChangedFilesSinceLastFullCompiled isOnInit true
[2026-08-05 09:18:55.479] [INFO   ] [DeployHistoryManager] Project has not been commit yet, fullCompileGitCommitHash is null, need full compile first.
[2026-08-05 09:18:55.480] [FINE   ] [DeployHistoryManager] No compile context db found
[2026-08-05 09:18:55.480] [FINE   ] [DeployHistoryManager] tryGetContextRecoverInfoFromDb, changedFiles: null, cost: 4ms; compileContextInfo: null, cost: 0ms; deployedFiles: null,  cost: 0ms.
[2026-08-05 09:18:55.480] [FINE   ] [DeployHistoryManager] getChangedFilesSinceLastFullCompiled failed, return null
[2026-08-05 09:18:55.480] [FINE   ] [JuggManager] Can not recover from deploy history, please run gradle compile first
[2026-08-05 09:18:55.480] [FINE   ] [JuggManager] job <Init project info> finished, cost 11ms
[2026-08-05 09:18:55.532] [FINE   ] [JuggServer] report Init project info response: [200] 2366179
[2026-08-05 09:18:57.952] [FINE   ] [McpLocalServer] start: Server is already running
[2026-08-05 09:19:00.316] [FINE   ] [JuggServerChooser] wormchen-any1.devcloud.woa.com is not reachable
[2026-08-05 09:19:00.317] [FINE   ] [JuggServerChooser] Check server rule: ServerRule(url=http://sickworm.com:12305, checkReachableHost=null)
[2026-08-05 09:19:00.317] [FINE   ] [JuggServerChooser] Choose server http://sickworm.com:12305 for no check condition.
[2026-08-05 09:19:00.317] [FINE   ] [JuggServerChooser] No need update server, still use http://sickworm.com:12305
[2026-08-05 09:19:00.330] [FINE   ] [JuggServerChooser] wormchen-any1.devcloud.woa.com is not reachable
[2026-08-05 09:19:00.330] [FINE   ] [JuggServerChooser] Check server rule: ServerRule(url=http://sickworm.com:12305, checkReachableHost=null)
[2026-08-05 09:19:00.330] [FINE   ] [JuggServerChooser] Choose server http://sickworm.com:12305 for no check condition.
[2026-08-05 09:19:00.330] [FINE   ] [JuggServerChooser] No need update server, still use http://sickworm.com:12305
[2026-08-05 09:19:00.769] [FINE   ] [McpLocalServer] start: Server is already running
[2026-08-05 09:19:05.339] [FINE   ] [JuggManager] background job <Auto update Jugg CLI> start
[2026-08-05 09:19:05.339] [FINE   ] [JuggCliAutoUpdater] Already auto-update check
[2026-08-05 09:19:05.339] [FINE   ] [JuggManager] background job <Auto update Jugg CLI> finished, cost 0ms
[2026-08-05 09:19:06.410] [FINE   ] [McpLocalServer] start: Server is already running
[2026-08-05 09:19:33.017] [INFO   ] [JuggManagerCreator] Release Jugg on /Users/radar/Downloads/gitlab127001/bayshier
[2026-08-05 09:19:33.018] [FINE   ] [JuggManager] project /Users/radar/Downloads/gitlab127001/bayshier dispose
